Traceback (most recent call last):
  File "/home/STUDY/FBMF/studfbmf02_07/task_6/slurm/plot_star_vs_htseq.py", line 49, in <module>
    main()
    ~~~~^^
  File "/home/STUDY/FBMF/studfbmf02_07/task_6/slurm/plot_star_vs_htseq.py", line 20, in main
    htseq_df = pd.read_csv(args.htseq, sep='\t', header=None)
  File "/home/STUDY/FBMF/studfbmf02_07/.conda_envs/rnaseq/lib/python3.13/site-packages/pandas/io/parsers/readers.py", line 873, in read_csv
    return _read(filepath_or_buffer, kwds)
  File "/home/STUDY/FBMF/studfbmf02_07/.conda_envs/rnaseq/lib/python3.13/site-packages/pandas/io/parsers/readers.py", line 300, in _read
    parser = TextFileReader(filepath_or_buffer, **kwds)
  File "/home/STUDY/FBMF/studfbmf02_07/.conda_envs/rnaseq/lib/python3.13/site-packages/pandas/io/parsers/readers.py", line 1645, in __init__
    self._engine = self._make_engine(f, self.engine)
                   ~~~~~~~~~~~~~~~~~^^^^^^^^^^^^^^^^
  File "/home/STUDY/FBMF/studfbmf02_07/.conda_envs/rnaseq/lib/python3.13/site-packages/pandas/io/parsers/readers.py", line 1922, in _make_engine
    return mapping[engine](f, **self.options)
           ~~~~~~~~~~~~~~~^^^^^^^^^^^^^^^^^^^
  File "/home/STUDY/FBMF/studfbmf02_07/.conda_envs/rnaseq/lib/python3.13/site-packages/pandas/io/parsers/c_parser_wrapper.py", line 95, in __init__
    self._reader = parsers.TextReader(src, **kwds)
                   ~~~~~~~~~~~~~~~~~~^^^^^^^^^^^^^
  File "pandas/_libs/parsers.pyx", line 575, in pandas._libs.parsers.TextReader.__cinit__
pandas.errors.EmptyDataError: No columns to parse from file
[2026-05-20T08:26:58.837] error: private-tmpdir: /tmp/68788.batch.0 nftw error No such file or directory
